---
source: tests/cli.rs
expression: names
---
[
  "project.new",
  "project.open",
  "project.save",
  "project.info",
  "project.set",
  "part.generic",
  "part.create",
  "part.list",
  "part.show",
  "part.set",
  "part.remove",
  "footprint.generate",
  "footprint.list",
  "footprint.show",
  "footprint.remove",
  "circuit.add",
  "circuit.remove",
  "circuit.list",
  "bom.list",
  "bom.approve",
  "bom.dnp",
  "bom.note",
  "bom.replace",
  "bom.export",
  "history.undo",
  "history.redo",
  "history.list"
]
