---
source: tests/cli.rs
expression: names
---
[
  "project.new",
  "project.open",
  "project.save",
  "project.info",
  "project.set",
  "part.generic",
  "part.create",
  "part.list",
  "part.show",
  "part.set",
  "part.remove",
  "part.search",
  "footprint.generate",
  "footprint.list",
  "footprint.show",
  "footprint.remove",
  "circuit.add",
  "circuit.remove",
  "circuit.list",
  "circuit.rename",
  "circuit.summary",
  "circuit.erc",
  "circuit.export",
  "net.connect",
  "net.disconnect",
  "net.no_connect",
  "net.rename",
  "net.remove",
  "net.set",
  "net.list",
  "net.show",
  "netclass.set",
  "netclass.list",
  "netclass.remove",
  "block.create",
  "block.instantiate",
  "block.list",
  "block.show",
  "block.remove",
  "bom.list",
  "bom.approve",
  "bom.dnp",
  "bom.note",
  "bom.replace",
  "bom.export",
  "bom.resolve",
  "bom.check",
  "bom.cost",
  "board.setup",
  "board.outline",
  "board.rules",
  "board.info",
  "board.ratsnest",
  "place.set",
  "place.move",
  "place.rotate",
  "place.flip",
  "place.lock",
  "place.remove",
  "place.list",
  "place.auto",
  "track.add",
  "track.remove",
  "track.list",
  "via.add",
  "via.remove",
  "drc.run",
  "render.schematic",
  "render.symbol",
  "render.footprint",
  "schematic.place",
  "schematic.unplace",
  "history.undo",
  "history.redo",
  "history.list"
]
