---
source: tests/cli.rs
expression: names
---
[
  "project.new",
  "project.open",
  "project.save",
  "project.info",
  "project.set",
  "part.generic",
  "part.create",
  "part.list",
  "part.show",
  "part.set",
  "part.remove",
  "part.search",
  "footprint.generate",
  "footprint.list",
  "footprint.show",
  "footprint.remove",
  "footprint.model_set",
  "footprint.model_clear",
  "footprint.model_list",
  "circuit.add",
  "circuit.remove",
  "circuit.list",
  "circuit.rename",
  "circuit.summary",
  "circuit.erc",
  "circuit.lint",
  "circuit.export",
  "circuit.import",
  "net.connect",
  "net.disconnect",
  "net.no_connect",
  "net.rename",
  "net.remove",
  "net.set",
  "net.list",
  "net.show",
  "netclass.set",
  "netclass.list",
  "netclass.show",
  "netclass.remove",
  "diffpair.add",
  "diffpair.remove",
  "diffpair.list",
  "diffpair.suggest",
  "lengthgroup.set",
  "lengthgroup.remove",
  "lengthgroup.list",
  "block.create",
  "block.instantiate",
  "block.list",
  "block.show",
  "block.remove",
  "bom.list",
  "bom.approve",
  "bom.dnp",
  "bom.note",
  "bom.replace",
  "bom.export",
  "bom.resolve",
  "bom.check",
  "bom.cost",
  "bom.substitutes",
  "board.setup",
  "board.outline",
  "board.rules",
  "board.info",
  "board.ratsnest",
  "place.set",
  "place.move",
  "place.rotate",
  "place.flip",
  "place.lock",
  "place.remove",
  "place.list",
  "place.auto",
  "track.add",
  "track.remove",
  "track.list",
  "via.add",
  "via.remove",
  "board.stackup",
  "board.dielectric",
  "impedance.calc",
  "impedance.solve",
  "current.width",
  "board.hole",
  "board.hole_remove",
  "board.cutout",
  "board.cutout_remove",
  "place.near",
  "place.align",
  "place.distribute",
  "lib.list",
  "lib.show",
  "lib.publish",
  "lib.import",
  "lib.remove",
  "catalog.import",
  "catalog.list",
  "drc.run",
  "zone.add",
  "zone.set",
  "zone.remove",
  "zone.list",
  "zone.fill",
  "keepout.add",
  "keepout.remove",
  "keepout.list",
  "route.all",
  "route.nets",
  "route.connection",
  "route.track",
  "route.fanout",
  "route.rip",
  "route.status",
  "route.diffpair",
  "route.tune",
  "route.import_ses",
  "render.schematic",
  "render.symbol",
  "render.footprint",
  "schematic.place",
  "schematic.unplace",
  "schematic.export",
  "render.board",
  "render.board3d",
  "board.export_kicad",
  "board.import_kicad",
  "board.import_kicad_rules",
  "export.gerber",
  "export.drill",
  "export.pnp",
  "export.ipc356",
  "export.ipc2581",
  "export.all",
  "export.step",
  "export.idf",
  "export.idx",
  "export.dsn",
  "export.spice",
  "fab.list",
  "fab.show",
  "fab.check",
  "fab.compare",
  "fab.export",
  "fab.substitute",
  "history.undo",
  "history.redo",
  "history.list"
]
